TIMESTAMP: 2025-12-24 09:36:39.905966
ERROR: 404 models/gemini-pro is not found for API version v1beta, or is not supported for generateContent. Call ListModels to see the list of available models and their supported methods.

TIMESTAMP: 2025-12-24 09:37:06.952023
ERROR: 404 models/gemini-pro is not found for API version v1beta, or is not supported for generateContent. Call ListModels to see the list of available models and their supported methods.

